
ELSHARK@ELSHARK-PC MINGW64 ~/Desktop/sprint-0
$ git init
Initialized empty Git repository in C:/Users/ELSHARK/Desktop/sprint-0/.git/

ELSHARK@ELSHARK-PC MINGW64 ~/Desktop/sprint-0 (master)
$ git add section_1.1_Getting_Started
warning: LF will be replaced by CRLF in section_1.1_Getting_Started/Getting-Started-About-Version-Control.htm.
The file will have its original line endings in your working directory.

ELSHARK@ELSHARK-PC MINGW64 ~/Desktop/sprint-0 (master)
$ git section_3.1_Git_Branching
git: 'section_3.1_Git_Branching' is not a git command. See 'git --help'.

ELSHARK@ELSHARK-PC MINGW64 ~/Desktop/sprint-0 (master)
$ git add section_3.1_Git_Branching

ELSHARK@ELSHARK-PC MINGW64 ~/Desktop/sprint-0 (master)
$ git add section_5.1_Distributed_Git
warning: LF will be replaced by CRLF in section_5.1_Distributed_Git/Distributed-Git-Distributed-Workflows.htm.
The file will have its original line endings in your working directory.

ELSHARK@ELSHARK-PC MINGW64 ~/Desktop/sprint-0 (master)
$ git rm section_3.1_Git_Branching
fatal: not removing 'section_3.1_Git_Branching' recursively without -r

ELSHARK@ELSHARK-PC MINGW64 ~/Desktop/sprint-0 (master)
$  git commit -m section_3.1_Git_Branching
[master (root-commit) 6a76e63] section_3.1_Git_Branching
 3 files changed, 2518 insertions(+)
 create mode 100644 section_1.1_Getting_Started/Getting-Started-About-Version-Control.htm
 create mode 100644 section_3.1_Git_Branching/Git-Branching-Branches-in-a-Nutshell.htm
 create mode 100644 section_5.1_Distributed_Git/Distributed-Git-Distributed-Workflows.htm

ELSHARK@ELSHARK-PC MINGW64 ~/Desktop/sprint-0 (master)
$  git rm -r section_3.1_Git_Branching
rm 'section_3.1_Git_Branching/Git-Branching-Branches-in-a-Nutshell.htm'

ELSHARK@ELSHARK-PC MINGW64 ~/Desktop/sprint-0 (master)
$ ^C

ELSHARK@ELSHARK-PC MINGW64 ~/Desktop/sprint-0 (master)
$ git reset --hard 6a76e63
HEAD is now at 6a76e63 section_3.1_Git_Branching

ELSHARK@ELSHARK-PC MINGW64 ~/Desktop/sprint-0 (master)
$ git push -f origin master
fatal: 'origin' does not appear to be a git repository
fatal: Could not read from remote repository.

Please make sure you have the correct access rights
and the repository exists.

ELSHARK@ELSHARK-PC MINGW64 ~/Desktop/sprint-0 (master)
$ git commit -m "BEFORE PUSHING COMMIT"
On branch master
Untracked files:
        AllMyCommands.txt

nothing added to commit but untracked files present

ELSHARK@ELSHARK-PC MINGW64 ~/Desktop/sprint-0 (master)
$ git remote add origin https://github.com/qwenzo/sprint00.git

ELSHARK@ELSHARK-PC MINGW64 ~/Desktop/sprint-0 (master)
$ git remote add origin https://github.com/qwenzo/sprint00.git
fatal: remote origin already exists.

ELSHARK@ELSHARK-PC MINGW64 ~/Desktop/sprint-0 (master)
$ git push origin master
Counting objects: 8, done.
Delta compression using up to 4 threads.
Compressing objects: 100% (8/8), done.
Writing objects: 100% (8/8), 14.34 KiB | 3.58 MiB/s, done.
Total 8 (delta 2), reused 0 (delta 0)
remote: Resolving deltas: 100% (2/2), done.
To https://github.com/qwenzo/sprint00.git
 * [new branch]      master -> master

ELSHARK@ELSHARK-PC MINGW64 ~/Desktop/sprint-0 (master)
$ $ git commit -m "after remote origin"
bash: $: command not found

ELSHARK@ELSHARK-PC MINGW64 ~/Desktop/sprint-0 (master)
$  git commit -m "after remote origin"
On branch master
Untracked files:
        AllMyCommands.txt

nothing added to commit but untracked files present

ELSHARK@ELSHARK-PC MINGW64 ~/Desktop/sprint-0 (master)
$ touch README.md

ELSHARK@ELSHARK-PC MINGW64 ~/Desktop/sprint-0 (master)
$ git commit -m "after adding readme"
On branch master
Untracked files:
        AllMyCommands.txt
        README.md

nothing added to commit but untracked files present

ELSHARK@ELSHARK-PC MINGW64 ~/Desktop/sprint-0 (master)
$ git branch -d ReadMe
error: branch 'ReadMe' not found.

ELSHARK@ELSHARK-PC MINGW64 ~/Desktop/sprint-0 (master)
$ git checkout -b ReadMe
Switched to a new branch 'ReadMe'

ELSHARK@ELSHARK-PC MINGW64 ~/Desktop/sprint-0 (ReadMe)
$ git add README.md

ELSHARK@ELSHARK-PC MINGW64 ~/Desktop/sprint-0 (ReadMe)
$ git commit -m "after adding readme.rnd to readme branch"
[ReadMe 2668647] after adding readme.rnd to readme branch
 1 file changed, 5 insertions(+)
 create mode 100644 README.md

ELSHARK@ELSHARK-PC MINGW64 ~/Desktop/sprint-0 (ReadMe)
$ git checkout -b master
fatal: A branch named 'master' already exists.

ELSHARK@ELSHARK-PC MINGW64 ~/Desktop/sprint-0 (ReadMe)
$ git checkout master
Switched to branch 'master'

ELSHARK@ELSHARK-PC MINGW64 ~/Desktop/sprint-0 (master)
$ git merge ReadMe
Updating 6a76e63..2668647
Fast-forward
 README.md | 5 +++++
 1 file changed, 5 insertions(+)
 create mode 100644 README.md

ELSHARK@ELSHARK-PC MINGW64 ~/Desktop/sprint-0 (master)
$ git add AllMyCommands.txt

ELSHARK@ELSHARK-PC MINGW64 ~/Desktop/sprint-0 (master)
$ git commit -m "after adding all my commands . txt "
[master 2196323] after adding all my commands . txt
 1 file changed, 237 insertions(+)
 create mode 100644 AllMyCommands.txt

